// Jest Snapshot v1, https://goo.gl/fbAQLP

exports[`Grid should render 1`] = `
<styled.div>
  <styled.div
    key="grid-0"
  >
    <div
      className="grid-actions"
    >
      <styled.jest-stub
        onClick={[Function]}
        role="button"
      />
      <styled.jest-stub
        onClick={[Function]}
        role="button"
      />
      <styled.jest-stub
        onClick={[Function]}
        role="button"
      />
    </div>
  </styled.div>
  <styled.div
    key="grid-1"
  >
    <div
      className="grid-actions"
    >
      <styled.jest-stub
        onClick={[Function]}
        role="button"
      />
      <styled.jest-stub
        onClick={[Function]}
        role="button"
      />
    </div>
  </styled.div>
</styled.div>
`;
