// Jest Snapshot v1, https://goo.gl/fbAQLP

exports[`should render FabButton styled 1`] = `
.c0 {
  padding: 1rem;
  border-radius: 100%;
  width: 56px;
  height: 56px;
  position: fixed;
  right: 20px;
  bottom: 25px;
  box-shadow: 0 0 4px rgba(0,0,0,.04),0 4px 8px rgba(0,0,0,.08);
}

<Button
  className="c0"
  color="primary"
  loading={false}
  onClick={null}
  type="button"
>
  fab
</Button>
`;
